
> next-gen@0.0.0 build
> vite build

[36mvite v7.3.1 [32mbuilding client environment for production...[36m[39m
transforming...
[32mΓ£ô[39m 1756 modules transformed.
node.exe : [31mΓ£ù[39m 
Build failed in 5.42s
At line:1 char:1
+ & "C:\Program 
Files\nodejs/node.exe" 
"C:\Program 
Files\nodejs/node_mo ...
+ ~~~~~~~~~~~~~~~~~~~~~~~~~~~
~~~~~~~~~~~~~~~~~~~~~~~~~~~~~
~~~~~~~~~~~~~
    + CategoryInfo           
   : NotSpecified: ([31mΓ£  
  ù[39m Build failed in 5   
 .42s:String) [], RemoteE    
xception
    + FullyQualifiedErrorId  
   : NativeCommandError
 
[31merror during build:
[31msrc/pages/Backoffice/Ana
lytics.jsx (5:7): "default" 
is not exported by 
"src/services/apiClient.js", 
imported by "src/pages/Backof
fice/Analytics.jsx".[31m
file: [36mD:/4TWIN/Pi-JS/Nex
t-Gen-V3/AlgoArenaFrontEnd/sr
c/pages/Backoffice/Analytics.
jsx:5:7[31m
[33m
3: import 
BattleActivityChart from '../
../components/Charts/BattleAc
tivityChart';
4: import DifficultyChart 
from '../../components/Charts
/DifficultyChart';
5: import apiClient from 
'../../services/apiClient';
          ^
6: 
7: const Analytics = () => {
[31m
    at getRollupError (file:/
//D:/4TWIN/Pi-JS/Next-Gen-V3/
AlgoArenaFrontEnd/node_module
s/rollup/dist/es/shared/parse
Ast.js:402:41)
    at error (file:///D:/4TWI
N/Pi-JS/Next-Gen-V3/AlgoArena
FrontEnd/node_modules/rollup/
dist/es/shared/parseAst.js:39
8:42)
    at Module.error (file:///
D:/4TWIN/Pi-JS/Next-Gen-V3/Al
goArenaFrontEnd/node_modules/
rollup/dist/es/shared/node-en
try.js:17040:16)
    at Module.traceVariable (
file:///D:/4TWIN/Pi-JS/Next-G
en-V3/AlgoArenaFrontEnd/node_
modules/rollup/dist/es/shared
/node-entry.js:17452:29)
    at 
ModuleScope.findVariable (fil
e:///D:/4TWIN/Pi-JS/Next-Gen-
V3/AlgoArenaFrontEnd/node_mod
ules/rollup/dist/es/shared/no
de-entry.js:15070:39)
    at ReturnValueScope.findV
ariable (file:///D:/4TWIN/Pi-
JS/Next-Gen-V3/AlgoArenaFront
End/node_modules/rollup/dist/
es/shared/node-entry.js:5673:
38)
    at FunctionBodyScope.find
Variable (file:///D:/4TWIN/Pi
-JS/Next-Gen-V3/AlgoArenaFron
tEnd/node_modules/rollup/dist
/es/shared/node-entry.js:5673
:38)
    at ReturnValueScope.findV
ariable (file:///D:/4TWIN/Pi-
JS/Next-Gen-V3/AlgoArenaFront
End/node_modules/rollup/dist/
es/shared/node-entry.js:5673:
38)
    at FunctionBodyScope.find
Variable (file:///D:/4TWIN/Pi
-JS/Next-Gen-V3/AlgoArenaFron
tEnd/node_modules/rollup/dist
/es/shared/node-entry.js:5673
:38)
    at ReturnValueScope.findV
ariable (file:///D:/4TWIN/Pi-
JS/Next-Gen-V3/AlgoArenaFront
End/node_modules/rollup/dist/
es/shared/node-entry.js:5673:
38)[39m
